Using pre-set license
Built from '2022.3/respin/2022.3.62f2-4af31df585-v2' branch; Version is '2022.3.62f3 (96770f904ca7) revision 9860879'; Using compiler version '192829333'; Build Type 'Release'
OS: 'Windows 11  (10.0.26200) 64bit Professional' Language: 'es' Physical Memory: 32693 MB
BatchMode: 1, IsHumanControllingUs: 0, StartBugReporterOnCrash: 0, Is64bit: 1, IsPro: 1

COMMAND LINE ARGUMENTS:
D:\SSD_Programas\Unity\2022.3.62f3\Editor\Unity.exe
-adb2
-batchMode
-noUpm
-name
AssetImportWorker4
-projectPath
E:/IOC/M011/TheLastDust/Unity/M011_TheLasOfDust
-logFile
Logs/AssetImportWorker4.log
-srvPort
61835
Successfully changed project path to: E:/IOC/M011/TheLastDust/Unity/M011_TheLasOfDust
E:/IOC/M011/TheLastDust/Unity/M011_TheLasOfDust
[UnityMemory] Configuration Parameters - Can be set up in boot.config
    "memorysetup-bucket-allocator-granularity=16"
    "memorysetup-bucket-allocator-bucket-count=8"
    "memorysetup-bucket-allocator-block-size=33554432"
    "memorysetup-bucket-allocator-block-count=8"
    "memorysetup-main-allocator-block-size=16777216"
    "memorysetup-thread-allocator-block-size=16777216"
    "memorysetup-gfx-main-allocator-block-size=16777216"
    "memorysetup-gfx-thread-allocator-block-size=16777216"
    "memorysetup-cache-allocator-block-size=4194304"
    "memorysetup-typetree-allocator-block-size=2097152"
    "memorysetup-profiler-bucket-allocator-granularity=16"
    "memorysetup-profiler-bucket-allocator-bucket-count=8"
    "memorysetup-profiler-bucket-allocator-block-size=33554432"
    "memorysetup-profiler-bucket-allocator-block-count=8"
    "memorysetup-profiler-allocator-block-size=16777216"
    "memorysetup-profiler-editor-allocator-block-size=1048576"
    "memorysetup-temp-allocator-size-main=16777216"
    "memorysetup-job-temp-allocator-block-size=2097152"
    "memorysetup-job-temp-allocator-block-size-background=1048576"
    "memorysetup-job-temp-allocator-reduction-small-platforms=262144"
    "memorysetup-allocator-temp-initial-block-size-main=262144"
    "memorysetup-allocator-temp-initial-block-size-worker=262144"
    "memorysetup-temp-allocator-size-background-worker=32768"
    "memorysetup-temp-allocator-size-job-worker=262144"
    "memorysetup-temp-allocator-size-preload-manager=33554432"
    "memorysetup-temp-allocator-size-nav-mesh-worker=65536"
    "memorysetup-temp-allocator-size-audio-worker=65536"
    "memorysetup-temp-allocator-size-cloud-worker=32768"
    "memorysetup-temp-allocator-size-gi-baking-worker=262144"
    "memorysetup-temp-allocator-size-gfx=262144"
Player connection [22856]  Target information:

Player connection [22856]  * "[IP] 192.168.1.135 [Port] 0 [Flags] 2 [Guid] 1882545280 [EditorId] 1882545280 [Version] 1048832 [Id] WindowsEditor(7,DESKTOP-Q9UJ9N3) [Debug] 1 [PackageName] WindowsEditor [ProjectName] Editor" 

Player connection [22856] Host joined multi-casting on [225.0.0.222:54997]...
Player connection [22856] Host joined alternative multi-casting on [225.0.0.222:34997]...
Input System module state changed to: Initialized.
[PhysX] Initialized MultithreadedTaskDispatcher with 12 workers.
Refreshing native plugins compatible for Editor in 26.46 ms, found 3 plugins.
Preloading 0 native plugins for Editor in 0.00 ms.
Initialize engine version: 2022.3.62f3 (96770f904ca7)
[Subsystems] Discovering subsystems at path D:/SSD_Programas/Unity/2022.3.62f3/Editor/Data/Resources/UnitySubsystems
[Subsystems] Discovering subsystems at path E:/IOC/M011/TheLastDust/Unity/M011_TheLasOfDust/Assets
GfxDevice: creating device client; threaded=0; jobified=0
Direct3D:
    Version:  Direct3D 11.0 [level 11.1]
    Renderer: AMD Radeon RX 6600 (ID=0x73ff)
    Vendor:   ATI
    VRAM:     8147 MB
    Driver:   32.0.21043.5001
Initialize mono
Mono path[0] = 'D:/SSD_Programas/Unity/2022.3.62f3/Editor/Data/Managed'
Mono path[1] = 'D:/SSD_Programas/Unity/2022.3.62f3/Editor/Data/MonoBleedingEdge/lib/mono/unityjit-win32'
Mono config path = 'D:/SSD_Programas/Unity/2022.3.62f3/Editor/Data/MonoBleedingEdge/etc'
Using monoOptions --debugger-agent=transport=dt_socket,embedding=1,server=y,suspend=n,address=127.0.0.1:56520
Begin MonoManager ReloadAssembly
Registering precompiled unity dll's ...
Register platform support module: D:/SSD_Programas/Unity/2022.3.62f3/Editor/Data/PlaybackEngines/WindowsStandaloneSupport/UnityEditor.WindowsStandalone.Extensions.dll
Registered in 0.010068 seconds.
- Loaded All Assemblies, in  0.551 seconds
Native extension for WindowsStandalone target not found
Mono: successfully reloaded assembly
- Finished resetting the current domain, in  0.385 seconds
Domain Reload Profiling: 935ms
	BeginReloadAssembly (191ms)
		ExecutionOrderSort (0ms)
		DisableScriptedObjects (0ms)
		BackupInstance (0ms)
		ReleaseScriptingObjects (0ms)
		CreateAndSetChildDomain (1ms)
	RebuildCommonClasses (55ms)
	RebuildNativeTypeToScriptingClass (13ms)
	initialDomainReloadingComplete (74ms)
	LoadAllAssembliesAndSetupDomain (218ms)
		LoadAssemblies (191ms)
		RebuildTransferFunctionScriptingTraits (0ms)
		AnalyzeDomain (214ms)
			TypeCache.Refresh (212ms)
				TypeCache.ScanAssembly (189ms)
			ScanForSourceGeneratedMonoScriptInfo (1ms)
			ResolveRequiredComponents (1ms)
	FinalizeReload (385ms)
		ReleaseScriptCaches (0ms)
		RebuildScriptCaches (0ms)
		SetupLoadedEditorAssemblies (319ms)
			LogAssemblyErrors (0ms)
			InitializePlatformSupportModulesInManaged (12ms)
			SetLoadedEditorAssemblies (11ms)
			RefreshPlugins (0ms)
			BeforeProcessingInitializeOnLoad (3ms)
			ProcessInitializeOnLoadAttributes (218ms)
			ProcessInitializeOnLoadMethodAttributes (74ms)
			AfterProcessingInitializeOnLoad (0ms)
			EditorAssembliesLoaded (0ms)
		ExecutionOrderSort2 (0ms)
		AwakeInstancesAfterBackupRestoration (0ms)
========================================================================
Worker process is ready to serve import requests
Caller must complete domain reload
Begin MonoManager ReloadAssembly
- Loaded All Assemblies, in  1.002 seconds
Native extension for WindowsStandalone target not found
Mono: successfully reloaded assembly
- Finished resetting the current domain, in  0.936 seconds
Domain Reload Profiling: 1937ms
	BeginReloadAssembly (232ms)
		ExecutionOrderSort (0ms)
		DisableScriptedObjects (8ms)
		BackupInstance (0ms)
		ReleaseScriptingObjects (0ms)
		CreateAndSetChildDomain (27ms)
	RebuildCommonClasses (46ms)
	RebuildNativeTypeToScriptingClass (13ms)
	initialDomainReloadingComplete (49ms)
	LoadAllAssembliesAndSetupDomain (661ms)
		LoadAssemblies (494ms)
		RebuildTransferFunctionScriptingTraits (0ms)
		AnalyzeDomain (320ms)
			TypeCache.Refresh (279ms)
				TypeCache.ScanAssembly (262ms)
			ScanForSourceGeneratedMonoScriptInfo (30ms)
			ResolveRequiredComponents (8ms)
	FinalizeReload (936ms)
		ReleaseScriptCaches (0ms)
		RebuildScriptCaches (0ms)
		SetupLoadedEditorAssemblies (700ms)
			LogAssemblyErrors (0ms)
			InitializePlatformSupportModulesInManaged (9ms)
			SetLoadedEditorAssemblies (6ms)
			RefreshPlugins (0ms)
			BeforeProcessingInitializeOnLoad (95ms)
			ProcessInitializeOnLoadAttributes (488ms)
			ProcessInitializeOnLoadMethodAttributes (97ms)
			AfterProcessingInitializeOnLoad (5ms)
			EditorAssembliesLoaded (0ms)
		ExecutionOrderSort2 (0ms)
		AwakeInstancesAfterBackupRestoration (11ms)
Launched and connected shader compiler UnityShaderCompiler.exe after 0.11 seconds
Refreshing native plugins compatible for Editor in 5.29 ms, found 3 plugins.
Preloading 0 native plugins for Editor in 0.00 ms.
Unloading 4635 Unused Serialized files (Serialized files now loaded: 0)
Unloading 34 unused Assets / (414.8 KB). Loaded Objects now: 5101.
Memory consumption went from 158.2 MB to 157.8 MB.
Total: 5.591800 ms (FindLiveObjects: 0.510600 ms CreateObjectMapping: 0.211200 ms MarkObjects: 4.611200 ms  DeleteObjects: 0.257200 ms)

AssetImportParameters requested are different than current active one (requested -> active):
  custom:container-demuxer-ogg: 62fdf1f143b41e24485cea50d1cbac27 -> 
  custom:video-decoder-ogg-theora: a1e56fd34408186e4bbccfd4996cb3dc -> 
  custom:framework-win-MediaFoundation: 216162199b28c13a410421893ffa2e32 -> 
  custom:CustomObjectIndexerAttribute: 9a22284fe3817be447336de3de66b15e -> 
  custom:container-demuxer-webm: 4f35f7cbe854078d1ac9338744f61a02 -> 
  custom:container-muxer-webm: aa71ff27fc2769a1b78a27578f13a17b -> 
  custom:video-decoder-webm-vp8: 9c59270c3fd7afecdb556c50c9e8de78 -> 
  custom:SearchIndexIgnoredProperties: e643bd26f0fe6173181afceb89e7c659 -> 
  custom:AudioImporter_EditorPlatform: d09bf68614088b80899f8185d706f6e7 -> 
  custom:video-encoder-webm-vp8: eb34c28f22e8b96e1ab97ce403110664 -> 
  custom:audio-decoder-ogg-vorbis: bf7c407c2cedff20999df2af8eb42d56 -> 
  custom:audio-encoder-webm-vorbis: bf7c407c2cedff20999df2af8eb42d56 -> 
========================================================================
Received Import Request.
  Time since last request: 204687.623941 seconds.
  path: Assets/Art
  artifactKey: Guid(2b3ca05aa207586409b202af57f47319) Importer(815301076,1909f56bfc062723c751e8b465ee728b)
Start importing Assets/Art using Guid(2b3ca05aa207586409b202af57f47319) Importer(815301076,1909f56bfc062723c751e8b465ee728b) [PhysX] Initialized MultithreadedTaskDispatcher with 12 workers.
 -> (artifact id: '6ba8d088f585e7e3bab59c0fdd307534') in 0.003208 seconds
Number of updated asset objects reloaded before import = 0
Number of asset objects unloaded after import = 0
========================================================================
Received Import Request.
  Time since last request: 25.845713 seconds.
  path: Assets/Art/Material
  artifactKey: Guid(5dc7791b275e02045a381440b4f1411e) Importer(815301076,1909f56bfc062723c751e8b465ee728b)
Start importing Assets/Art/Material using Guid(5dc7791b275e02045a381440b4f1411e) Importer(815301076,1909f56bfc062723c751e8b465ee728b) [PhysX] Initialized MultithreadedTaskDispatcher with 12 workers.
 -> (artifact id: '1381835dfed10046bc57e06456f24fba') in 0.001301 seconds
Number of updated asset objects reloaded before import = 0
Number of asset objects unloaded after import = 0
========================================================================
Received Import Request.
  Time since last request: 19.698994 seconds.
  path: Assets/Art/Material/Text_10_catifa_ok.mat
  artifactKey: Guid(b53b45e3f3a534143bab89494de42f2e) Importer(815301076,1909f56bfc062723c751e8b465ee728b)
Start importing Assets/Art/Material/Text_10_catifa_ok.mat using Guid(b53b45e3f3a534143bab89494de42f2e) Importer(815301076,1909f56bfc062723c751e8b465ee728b) [PhysX] Initialized MultithreadedTaskDispatcher with 12 workers.
[PhysX] Initialized MultithreadedTaskDispatcher with 12 workers.
 -> (artifact id: '950598ffe0b890158b75b47d0146d0a8') in 0.146678 seconds
Number of updated asset objects reloaded before import = 0
Number of asset objects unloaded after import = 2
========================================================================
Received Import Request.
  Time since last request: 4.783814 seconds.
  path: Assets/Art/Mapa_normal/Text_NormalMap_catifa.png
  artifactKey: Guid(6c754ecdb861f1a40b5665f338d7a51f) Importer(815301076,1909f56bfc062723c751e8b465ee728b)
Start importing Assets/Art/Mapa_normal/Text_NormalMap_catifa.png using Guid(6c754ecdb861f1a40b5665f338d7a51f) Importer(815301076,1909f56bfc062723c751e8b465ee728b) [PhysX] Initialized MultithreadedTaskDispatcher with 12 workers.
[PhysX] Initialized MultithreadedTaskDispatcher with 12 workers.
 -> (artifact id: 'ad1c6c6b8d71244283ddd3916438cdd9') in 0.053867 seconds
Number of updated asset objects reloaded before import = 0
Number of asset objects unloaded after import = 2
========================================================================
Received Import Request.
  Time since last request: 130.527036 seconds.
  path: Assets/Art/Textures/Text_01_cadira_ok.mat
  artifactKey: Guid(b987466ea2dee494b88b9da7184bbbe5) Importer(815301076,1909f56bfc062723c751e8b465ee728b)
Start importing Assets/Art/Textures/Text_01_cadira_ok.mat using Guid(b987466ea2dee494b88b9da7184bbbe5) Importer(815301076,1909f56bfc062723c751e8b465ee728b) [PhysX] Initialized MultithreadedTaskDispatcher with 12 workers.
[PhysX] Initialized MultithreadedTaskDispatcher with 12 workers.
 -> (artifact id: '03913c6e033a4e840279d3b53cbabea9') in 0.025769 seconds
Number of updated asset objects reloaded before import = 0
Number of asset objects unloaded after import = 2
========================================================================
Received Import Request.
  Time since last request: 53.086048 seconds.
  path: Assets/Art/Material/Text_10_catifa_ok.mat
  artifactKey: Guid(b53b45e3f3a534143bab89494de42f2e) Importer(815301076,1909f56bfc062723c751e8b465ee728b)
Start importing Assets/Art/Material/Text_10_catifa_ok.mat using Guid(b53b45e3f3a534143bab89494de42f2e) Importer(815301076,1909f56bfc062723c751e8b465ee728b) [PhysX] Initialized MultithreadedTaskDispatcher with 12 workers.
[PhysX] Initialized MultithreadedTaskDispatcher with 12 workers.
 -> (artifact id: 'e4bab7fb5046c583015273b446a5ed3f') in 0.407699 seconds
Number of updated asset objects reloaded before import = 0
Number of asset objects unloaded after import = 3
========================================================================
Received Import Request.
  Time since last request: 12.040401 seconds.
  path: Assets/Art/Textures/New Material.mat
  artifactKey: Guid(43dd1b4c0fbac2348b1ea0f2cd545047) Importer(815301076,1909f56bfc062723c751e8b465ee728b)
Start importing Assets/Art/Textures/New Material.mat using Guid(43dd1b4c0fbac2348b1ea0f2cd545047) Importer(815301076,1909f56bfc062723c751e8b465ee728b) [PhysX] Initialized MultithreadedTaskDispatcher with 12 workers.
[PhysX] Initialized MultithreadedTaskDispatcher with 12 workers.
 -> (artifact id: '767e78c4cfc190a3d92f3bea8879071a') in 0.022369 seconds
Number of updated asset objects reloaded before import = 0
Number of asset objects unloaded after import = 1
========================================================================
Received Import Request.
  Time since last request: 6.807609 seconds.
  path: Assets/Art/Textures/Text_02_Coixi_ok.mat
  artifactKey: Guid(43dd1b4c0fbac2348b1ea0f2cd545047) Importer(815301076,1909f56bfc062723c751e8b465ee728b)
Start importing Assets/Art/Textures/Text_02_Coixi_ok.mat using Guid(43dd1b4c0fbac2348b1ea0f2cd545047) Importer(815301076,1909f56bfc062723c751e8b465ee728b) [PhysX] Initialized MultithreadedTaskDispatcher with 12 workers.
[PhysX] Initialized MultithreadedTaskDispatcher with 12 workers.
 -> (artifact id: '5be386c563bf63ede05ad2344974c615') in 0.019126 seconds
Number of updated asset objects reloaded before import = 0
Number of asset objects unloaded after import = 1
========================================================================
Received Import Request.
  Time since last request: 2.830320 seconds.
  path: Assets/Art/Mapa_normal/Text_NormalMap_catifa.png
  artifactKey: Guid(6c754ecdb861f1a40b5665f338d7a51f) Importer(815301076,1909f56bfc062723c751e8b465ee728b)
Start importing Assets/Art/Mapa_normal/Text_NormalMap_catifa.png using Guid(6c754ecdb861f1a40b5665f338d7a51f) Importer(815301076,1909f56bfc062723c751e8b465ee728b) [PhysX] Initialized MultithreadedTaskDispatcher with 12 workers.
[PhysX] Initialized MultithreadedTaskDispatcher with 12 workers.
 -> (artifact id: '1e9721c302e1869d88ecfa1cf5ead1c5') in 0.036846 seconds
Number of updated asset objects reloaded before import = 0
Number of asset objects unloaded after import = 2
========================================================================
Received Import Request.
  Time since last request: 31.079608 seconds.
  path: Assets/Art/Textures/Text_03_Sofa_ok.mat
  artifactKey: Guid(be9ffb625aad19c4394a140316035947) Importer(815301076,1909f56bfc062723c751e8b465ee728b)
Start importing Assets/Art/Textures/Text_03_Sofa_ok.mat using Guid(be9ffb625aad19c4394a140316035947) Importer(815301076,1909f56bfc062723c751e8b465ee728b) [PhysX] Initialized MultithreadedTaskDispatcher with 12 workers.
[PhysX] Initialized MultithreadedTaskDispatcher with 12 workers.
 -> (artifact id: 'f67da1135882ca2be14950b7e045e810') in 0.017859 seconds
Number of updated asset objects reloaded before import = 0
Number of asset objects unloaded after import = 1
========================================================================
Received Import Request.
  Time since last request: 16.776615 seconds.
  path: Assets/Art/Textures/Text_04_tauleta_aux_ok.mat
  artifactKey: Guid(eb073dae33436ba4694378d3ac3a42a6) Importer(815301076,1909f56bfc062723c751e8b465ee728b)
Start importing Assets/Art/Textures/Text_04_tauleta_aux_ok.mat using Guid(eb073dae33436ba4694378d3ac3a42a6) Importer(815301076,1909f56bfc062723c751e8b465ee728b) [PhysX] Initialized MultithreadedTaskDispatcher with 12 workers.
[PhysX] Initialized MultithreadedTaskDispatcher with 12 workers.
 -> (artifact id: '0323aaf7dc627f157ccd908799eb09f1') in 0.025035 seconds
Number of updated asset objects reloaded before import = 0
Number of asset objects unloaded after import = 1
========================================================================
Received Import Request.
  Time since last request: 30.135291 seconds.
  path: Assets/Art/Textures/New Material.mat
  artifactKey: Guid(7fdf7c32efad6b841ac92a4dd539f2de) Importer(815301076,1909f56bfc062723c751e8b465ee728b)
Start importing Assets/Art/Textures/New Material.mat using Guid(7fdf7c32efad6b841ac92a4dd539f2de) Importer(815301076,1909f56bfc062723c751e8b465ee728b) [PhysX] Initialized MultithreadedTaskDispatcher with 12 workers.
[PhysX] Initialized MultithreadedTaskDispatcher with 12 workers.
 -> (artifact id: 'f76ce06a932b7f36cdd25e56d7f3adcb') in 0.021017 seconds
Number of updated asset objects reloaded before import = 0
Number of asset objects unloaded after import = 1
========================================================================
Received Import Request.
  Time since last request: 11.807811 seconds.
  path: Assets/Art/Textures/Text_05_Tauleta_aux.mat
  artifactKey: Guid(7fdf7c32efad6b841ac92a4dd539f2de) Importer(815301076,1909f56bfc062723c751e8b465ee728b)
Start importing Assets/Art/Textures/Text_05_Tauleta_aux.mat using Guid(7fdf7c32efad6b841ac92a4dd539f2de) Importer(815301076,1909f56bfc062723c751e8b465ee728b) [PhysX] Initialized MultithreadedTaskDispatcher with 12 workers.
[PhysX] Initialized MultithreadedTaskDispatcher with 12 workers.
 -> (artifact id: '481294832033bbee34fd66aef437ad50') in 0.018467 seconds
Number of updated asset objects reloaded before import = 0
Number of asset objects unloaded after import = 1
========================================================================
Received Import Request.
  Time since last request: 20.375026 seconds.
  path: Assets/Art/Textures/Text_06_Cos_lampara_peu.mat
  artifactKey: Guid(bcd87a82c54ab0d47b80c49daec8e360) Importer(815301076,1909f56bfc062723c751e8b465ee728b)
Start importing Assets/Art/Textures/Text_06_Cos_lampara_peu.mat using Guid(bcd87a82c54ab0d47b80c49daec8e360) Importer(815301076,1909f56bfc062723c751e8b465ee728b) [PhysX] Initialized MultithreadedTaskDispatcher with 12 workers.
[PhysX] Initialized MultithreadedTaskDispatcher with 12 workers.
 -> (artifact id: 'c7dcdba03280ebb04033edc3155e6688') in 0.021331 seconds
Number of updated asset objects reloaded before import = 0
Number of asset objects unloaded after import = 1
========================================================================
Received Import Request.
  Time since last request: 31.659922 seconds.
  path: Assets/Art/Textures/Text_07_Cos_lampara_panell.mat
  artifactKey: Guid(1909f1f9c649b1542beeef3bee4702c9) Importer(815301076,1909f56bfc062723c751e8b465ee728b)
Start importing Assets/Art/Textures/Text_07_Cos_lampara_panell.mat using Guid(1909f1f9c649b1542beeef3bee4702c9) Importer(815301076,1909f56bfc062723c751e8b465ee728b) [PhysX] Initialized MultithreadedTaskDispatcher with 12 workers.
[PhysX] Initialized MultithreadedTaskDispatcher with 12 workers.
 -> (artifact id: 'c3f56d4974dc64fac8713143d835c84d') in 0.022665 seconds
Number of updated asset objects reloaded before import = 0
Number of asset objects unloaded after import = 1
========================================================================
Received Import Request.
  Time since last request: 15.711054 seconds.
  path: Assets/Art/Textures/New Material.mat
  artifactKey: Guid(8e0f36d309834fa439ceecd245ad24ef) Importer(815301076,1909f56bfc062723c751e8b465ee728b)
Start importing Assets/Art/Textures/New Material.mat using Guid(8e0f36d309834fa439ceecd245ad24ef) Importer(815301076,1909f56bfc062723c751e8b465ee728b) [PhysX] Initialized MultithreadedTaskDispatcher with 12 workers.
[PhysX] Initialized MultithreadedTaskDispatcher with 12 workers.
 -> (artifact id: 'e3634a3e83d246d4c85d570c7f398551') in 0.021131 seconds
Number of updated asset objects reloaded before import = 0
Number of asset objects unloaded after import = 1
========================================================================
Received Import Request.
  Time since last request: 7.111263 seconds.
  path: Assets/Art/Textures/Text_08_Radi.mat
  artifactKey: Guid(8e0f36d309834fa439ceecd245ad24ef) Importer(815301076,1909f56bfc062723c751e8b465ee728b)
Start importing Assets/Art/Textures/Text_08_Radi.mat using Guid(8e0f36d309834fa439ceecd245ad24ef) Importer(815301076,1909f56bfc062723c751e8b465ee728b) [PhysX] Initialized MultithreadedTaskDispatcher with 12 workers.
[PhysX] Initialized MultithreadedTaskDispatcher with 12 workers.
 -> (artifact id: 'cd0f776006f51daf1199a209189d92de') in 0.018301 seconds
Number of updated asset objects reloaded before import = 0
Number of asset objects unloaded after import = 1
========================================================================
Received Import Request.
  Time since last request: 7.614135 seconds.
  path: Assets/Art/Textures/Text_08_Radi.tx
  artifactKey: Guid(2440f5beef7cb9049aa5289c745e364a) Importer(815301076,1909f56bfc062723c751e8b465ee728b)
Start importing Assets/Art/Textures/Text_08_Radi.tx using Guid(2440f5beef7cb9049aa5289c745e364a) Importer(815301076,1909f56bfc062723c751e8b465ee728b) [PhysX] Initialized MultithreadedTaskDispatcher with 12 workers.
 -> (artifact id: '482ee545a31aded40323cb97cd0f6a53') in 0.001379 seconds
Number of updated asset objects reloaded before import = 0
Number of asset objects unloaded after import = 1
========================================================================
Received Import Request.
  Time since last request: 0.556188 seconds.
  path: Assets/Art/Textures/Text_09_exterior_tele_ok.tx
  artifactKey: Guid(613f68a55ac6dde4681167c65c28b9cd) Importer(815301076,1909f56bfc062723c751e8b465ee728b)
Start importing Assets/Art/Textures/Text_09_exterior_tele_ok.tx using Guid(613f68a55ac6dde4681167c65c28b9cd) Importer(815301076,1909f56bfc062723c751e8b465ee728b) [PhysX] Initialized MultithreadedTaskDispatcher with 12 workers.
 -> (artifact id: '74cbc19bc46f9ec34acb3748471e08e9') in 0.001414 seconds
Number of updated asset objects reloaded before import = 0
Number of asset objects unloaded after import = 1
========================================================================
Received Import Request.
  Time since last request: 17.979950 seconds.
  path: Assets/Art/Textures/Text_09_exterior_tele_ok.mat
  artifactKey: Guid(1f025a39499974644869414388cd9df5) Importer(815301076,1909f56bfc062723c751e8b465ee728b)
Start importing Assets/Art/Textures/Text_09_exterior_tele_ok.mat using Guid(1f025a39499974644869414388cd9df5) Importer(815301076,1909f56bfc062723c751e8b465ee728b) [PhysX] Initialized MultithreadedTaskDispatcher with 12 workers.
[PhysX] Initialized MultithreadedTaskDispatcher with 12 workers.
 -> (artifact id: 'bece7aad7a3d43fbc423c4cd47868f37') in 0.019561 seconds
Number of updated asset objects reloaded before import = 0
Number of asset objects unloaded after import = 1
========================================================================
Received Import Request.
  Time since last request: 55.335412 seconds.
  path: Assets/Art/Textures/Text_11_cadira_infantil_ok.tx.mat
  artifactKey: Guid(795493f8f46342c47b8005ed38a92363) Importer(815301076,1909f56bfc062723c751e8b465ee728b)
Start importing Assets/Art/Textures/Text_11_cadira_infantil_ok.tx.mat using Guid(795493f8f46342c47b8005ed38a92363) Importer(815301076,1909f56bfc062723c751e8b465ee728b) [PhysX] Initialized MultithreadedTaskDispatcher with 12 workers.
[PhysX] Initialized MultithreadedTaskDispatcher with 12 workers.
 -> (artifact id: 'c5c38d787b090bf9cef4b9278b63e4e7') in 0.019176 seconds
Number of updated asset objects reloaded before import = 0
Number of asset objects unloaded after import = 1
========================================================================
Received Import Request.
  Time since last request: 29.945038 seconds.
  path: Assets/Art/Textures/Text_12_armari_infantil_ok.tx.mat
  artifactKey: Guid(d43b8bd53f0faa7489901e1c5d6047b5) Importer(815301076,1909f56bfc062723c751e8b465ee728b)
Start importing Assets/Art/Textures/Text_12_armari_infantil_ok.tx.mat using Guid(d43b8bd53f0faa7489901e1c5d6047b5) Importer(815301076,1909f56bfc062723c751e8b465ee728b) [PhysX] Initialized MultithreadedTaskDispatcher with 12 workers.
[PhysX] Initialized MultithreadedTaskDispatcher with 12 workers.
 -> (artifact id: 'af1a4b0511071918da1d38a48b20d3fe') in 0.021626 seconds
Number of updated asset objects reloaded before import = 0
Number of asset objects unloaded after import = 1
========================================================================
Received Import Request.
  Time since last request: 48.496408 seconds.
  path: Assets/Art/Textures/Text_13_catifa_infantil_ok.tx.mat
  artifactKey: Guid(67bb1e2d35f592e42b0fb9199d75c2b9) Importer(815301076,1909f56bfc062723c751e8b465ee728b)
Start importing Assets/Art/Textures/Text_13_catifa_infantil_ok.tx.mat using Guid(67bb1e2d35f592e42b0fb9199d75c2b9) Importer(815301076,1909f56bfc062723c751e8b465ee728b) [PhysX] Initialized MultithreadedTaskDispatcher with 12 workers.
[PhysX] Initialized MultithreadedTaskDispatcher with 12 workers.
 -> (artifact id: 'aa140d8ba1b61948cdcee96647b50cbd') in 0.020327 seconds
Number of updated asset objects reloaded before import = 0
Number of asset objects unloaded after import = 1
========================================================================
Received Import Request.
  Time since last request: 26.558517 seconds.
  path: Assets/Art/Textures/Text_14_cubs_text_ok.mat
  artifactKey: Guid(1a237703633142d49accdda122a201ce) Importer(815301076,1909f56bfc062723c751e8b465ee728b)
Start importing Assets/Art/Textures/Text_14_cubs_text_ok.mat using Guid(1a237703633142d49accdda122a201ce) Importer(815301076,1909f56bfc062723c751e8b465ee728b) [PhysX] Initialized MultithreadedTaskDispatcher with 12 workers.
[PhysX] Initialized MultithreadedTaskDispatcher with 12 workers.
 -> (artifact id: '172b97a8b9fd17fa5d5b686fd4d35be9') in 0.035843 seconds
Number of updated asset objects reloaded before import = 0
Number of asset objects unloaded after import = 1
========================================================================
Received Import Request.
  Time since last request: 21.428540 seconds.
  path: Assets/Art/Textures/Text_15_quadres_img_1_ok.mat
  artifactKey: Guid(baab23e234fcd1849a423e2abf301da0) Importer(815301076,1909f56bfc062723c751e8b465ee728b)
Start importing Assets/Art/Textures/Text_15_quadres_img_1_ok.mat using Guid(baab23e234fcd1849a423e2abf301da0) Importer(815301076,1909f56bfc062723c751e8b465ee728b) [PhysX] Initialized MultithreadedTaskDispatcher with 12 workers.
[PhysX] Initialized MultithreadedTaskDispatcher with 12 workers.
 -> (artifact id: '6997a679cc688f0b020d3033ae9e49f8') in 0.020125 seconds
Number of updated asset objects reloaded before import = 0
Number of asset objects unloaded after import = 1
========================================================================
Received Import Request.
  Time since last request: 15.460467 seconds.
  path: Assets/Art/Textures/Text_16_quadres_img_2_ok.mat
  artifactKey: Guid(646f3c40d05d7ed4a838911ffe2aef5c) Importer(815301076,1909f56bfc062723c751e8b465ee728b)
Start importing Assets/Art/Textures/Text_16_quadres_img_2_ok.mat using Guid(646f3c40d05d7ed4a838911ffe2aef5c) Importer(815301076,1909f56bfc062723c751e8b465ee728b) [PhysX] Initialized MultithreadedTaskDispatcher with 12 workers.
[PhysX] Initialized MultithreadedTaskDispatcher with 12 workers.
 -> (artifact id: 'f88d49b4ea20c44f224e003037951fb1') in 0.020020 seconds
Number of updated asset objects reloaded before import = 0
Number of asset objects unloaded after import = 1
========================================================================
Received Import Request.
  Time since last request: 20.932762 seconds.
  path: Assets/Art/Textures/Text_17_quadres_img_3_ok.mat
  artifactKey: Guid(834470223dd1fdf4195f7a07edb346fa) Importer(815301076,1909f56bfc062723c751e8b465ee728b)
Start importing Assets/Art/Textures/Text_17_quadres_img_3_ok.mat using Guid(834470223dd1fdf4195f7a07edb346fa) Importer(815301076,1909f56bfc062723c751e8b465ee728b) [PhysX] Initialized MultithreadedTaskDispatcher with 12 workers.
[PhysX] Initialized MultithreadedTaskDispatcher with 12 workers.
 -> (artifact id: 'f36095cbc931f94c99f0485d12e5612e') in 0.018235 seconds
Number of updated asset objects reloaded before import = 0
Number of asset objects unloaded after import = 1
========================================================================
Received Import Request.
  Time since last request: 128.843227 seconds.
  path: Assets/Art/Textures/Text_18_mapa_ok.mat
  artifactKey: Guid(9300e9ba3ebeaf5469800aaced91b740) Importer(815301076,1909f56bfc062723c751e8b465ee728b)
Start importing Assets/Art/Textures/Text_18_mapa_ok.mat using Guid(9300e9ba3ebeaf5469800aaced91b740) Importer(815301076,1909f56bfc062723c751e8b465ee728b) [PhysX] Initialized MultithreadedTaskDispatcher with 12 workers.
[PhysX] Initialized MultithreadedTaskDispatcher with 12 workers.
 -> (artifact id: '0c910c1e66b8ca0ccaa9dd5717f04d18') in 0.017930 seconds
Number of updated asset objects reloaded before import = 0
Number of asset objects unloaded after import = 1
========================================================================
Received Import Request.
  Time since last request: 9.920889 seconds.
  path: Assets/Art/Material/Text_02_Coixi_ok.mat
  artifactKey: Guid(43dd1b4c0fbac2348b1ea0f2cd545047) Importer(815301076,1909f56bfc062723c751e8b465ee728b)
Start importing Assets/Art/Material/Text_02_Coixi_ok.mat using Guid(43dd1b4c0fbac2348b1ea0f2cd545047) Importer(815301076,1909f56bfc062723c751e8b465ee728b) [PhysX] Initialized MultithreadedTaskDispatcher with 12 workers.
[PhysX] Initialized MultithreadedTaskDispatcher with 12 workers.
 -> (artifact id: '301d918f2f2b8a0c7bb4e96f077c83f2') in 0.029095 seconds
Number of updated asset objects reloaded before import = 0
Number of asset objects unloaded after import = 2
========================================================================
Received Import Request.
  Time since last request: 0.000628 seconds.
  path: Assets/Art/Material/Text_06_Cos_lampara_peu.mat
  artifactKey: Guid(bcd87a82c54ab0d47b80c49daec8e360) Importer(815301076,1909f56bfc062723c751e8b465ee728b)
Start importing Assets/Art/Material/Text_06_Cos_lampara_peu.mat using Guid(bcd87a82c54ab0d47b80c49daec8e360) Importer(815301076,1909f56bfc062723c751e8b465ee728b) [PhysX] Initialized MultithreadedTaskDispatcher with 12 workers.
[PhysX] Initialized MultithreadedTaskDispatcher with 12 workers.
 -> (artifact id: 'f8a1d7ff7f03c6ba06759beb9ad54195') in 0.041690 seconds
Number of updated asset objects reloaded before import = 0
Number of asset objects unloaded after import = 2
========================================================================
Received Import Request.
  Time since last request: 0.000033 seconds.
  path: Assets/Art/Material/Text_16_quadres_img_2_ok.mat
  artifactKey: Guid(646f3c40d05d7ed4a838911ffe2aef5c) Importer(815301076,1909f56bfc062723c751e8b465ee728b)
Start importing Assets/Art/Material/Text_16_quadres_img_2_ok.mat using Guid(646f3c40d05d7ed4a838911ffe2aef5c) Importer(815301076,1909f56bfc062723c751e8b465ee728b) [PhysX] Initialized MultithreadedTaskDispatcher with 12 workers.
[PhysX] Initialized MultithreadedTaskDispatcher with 12 workers.
 -> (artifact id: 'fd47ce8207378b8cda38fa5fd9390617') in 0.038444 seconds
Number of updated asset objects reloaded before import = 0
Number of asset objects unloaded after import = 2
========================================================================
Received Import Request.
  Time since last request: 0.000090 seconds.
  path: Assets/Art/Material/Text_15_quadres_img_1_ok.mat
  artifactKey: Guid(baab23e234fcd1849a423e2abf301da0) Importer(815301076,1909f56bfc062723c751e8b465ee728b)
Start importing Assets/Art/Material/Text_15_quadres_img_1_ok.mat using Guid(baab23e234fcd1849a423e2abf301da0) Importer(815301076,1909f56bfc062723c751e8b465ee728b) [PhysX] Initialized MultithreadedTaskDispatcher with 12 workers.
[PhysX] Initialized MultithreadedTaskDispatcher with 12 workers.
 -> (artifact id: '9cd654b115158f6db2d9ae3d04a6b076') in 0.036430 seconds
Number of updated asset objects reloaded before import = 0
Number of asset objects unloaded after import = 2
========================================================================
Received Import Request.
  Time since last request: 0.000032 seconds.
  path: Assets/Art/Material/Text_11_cadira_infantil_ok.tx.mat
  artifactKey: Guid(795493f8f46342c47b8005ed38a92363) Importer(815301076,1909f56bfc062723c751e8b465ee728b)
Start importing Assets/Art/Material/Text_11_cadira_infantil_ok.tx.mat using Guid(795493f8f46342c47b8005ed38a92363) Importer(815301076,1909f56bfc062723c751e8b465ee728b) [PhysX] Initialized MultithreadedTaskDispatcher with 12 workers.
[PhysX] Initialized MultithreadedTaskDispatcher with 12 workers.
 -> (artifact id: 'e0bff918e12c58b4822a4452e35003ff') in 0.026516 seconds
Number of updated asset objects reloaded before import = 0
Number of asset objects unloaded after import = 2
========================================================================
Received Import Request.
  Time since last request: 0.000041 seconds.
  path: Assets/Art/Material/Text_13_catifa_infantil_ok.tx.mat
  artifactKey: Guid(67bb1e2d35f592e42b0fb9199d75c2b9) Importer(815301076,1909f56bfc062723c751e8b465ee728b)
Start importing Assets/Art/Material/Text_13_catifa_infantil_ok.tx.mat using Guid(67bb1e2d35f592e42b0fb9199d75c2b9) Importer(815301076,1909f56bfc062723c751e8b465ee728b) [PhysX] Initialized MultithreadedTaskDispatcher with 12 workers.
[PhysX] Initialized MultithreadedTaskDispatcher with 12 workers.
 -> (artifact id: '6b37fb7a3031a38632780554368394c8') in 0.027068 seconds
Number of updated asset objects reloaded before import = 0
Number of asset objects unloaded after import = 2
========================================================================
Received Import Request.
  Time since last request: 0.000141 seconds.
  path: Assets/Art/Material/Text_05_Tauleta_aux.mat
  artifactKey: Guid(7fdf7c32efad6b841ac92a4dd539f2de) Importer(815301076,1909f56bfc062723c751e8b465ee728b)
Start importing Assets/Art/Material/Text_05_Tauleta_aux.mat using Guid(7fdf7c32efad6b841ac92a4dd539f2de) Importer(815301076,1909f56bfc062723c751e8b465ee728b) [PhysX] Initialized MultithreadedTaskDispatcher with 12 workers.
[PhysX] Initialized MultithreadedTaskDispatcher with 12 workers.
 -> (artifact id: '338a38ed1a3cdc6e3d2ed10714774a25') in 0.026828 seconds
Number of updated asset objects reloaded before import = 0
Number of asset objects unloaded after import = 2
========================================================================
Received Import Request.
  Time since last request: 0.000032 seconds.
  path: Assets/Art/Material/Text_17_quadres_img_3_ok.mat
  artifactKey: Guid(834470223dd1fdf4195f7a07edb346fa) Importer(815301076,1909f56bfc062723c751e8b465ee728b)
Start importing Assets/Art/Material/Text_17_quadres_img_3_ok.mat using Guid(834470223dd1fdf4195f7a07edb346fa) Importer(815301076,1909f56bfc062723c751e8b465ee728b) [PhysX] Initialized MultithreadedTaskDispatcher with 12 workers.
[PhysX] Initialized MultithreadedTaskDispatcher with 12 workers.
 -> (artifact id: '0c90049f4ce4ce1248008af66dd4952f') in 0.021895 seconds
Number of updated asset objects reloaded before import = 0
Number of asset objects unloaded after import = 2
========================================================================
Received Import Request.
  Time since last request: 126.141266 seconds.
  path: Assets/Scenes
  artifactKey: Guid(54baedb91b579284cadfe5a3767caed7) Importer(815301076,1909f56bfc062723c751e8b465ee728b)
Start importing Assets/Scenes using Guid(54baedb91b579284cadfe5a3767caed7) Importer(815301076,1909f56bfc062723c751e8b465ee728b) [PhysX] Initialized MultithreadedTaskDispatcher with 12 workers.
 -> (artifact id: '523fb0c3160b7b77a3ba6c2ed294111d') in 0.000788 seconds
Number of updated asset objects reloaded before import = 0
Number of asset objects unloaded after import = 0
========================================================================
Received Import Request.
  Time since last request: 7.740629 seconds.
  path: Assets/Scenes/Prefabs.unity
  artifactKey: Guid(1dc96c7793c4c8e448f9bc922240e73d) Importer(815301076,1909f56bfc062723c751e8b465ee728b)
Start importing Assets/Scenes/Prefabs.unity using Guid(1dc96c7793c4c8e448f9bc922240e73d) Importer(815301076,1909f56bfc062723c751e8b465ee728b) [PhysX] Initialized MultithreadedTaskDispatcher with 12 workers.
 -> (artifact id: '62f0d016c1e408e29b0999cabe162240') in 0.000795 seconds
Number of updated asset objects reloaded before import = 0
Number of asset objects unloaded after import = 0
========================================================================
Received Import Request.
  Time since last request: 9.124141 seconds.
  path: Assets/Prefabs/Pickups
  artifactKey: Guid(ba5987cd9e662bc47863d4c634ea0b74) Importer(815301076,1909f56bfc062723c751e8b465ee728b)
Start importing Assets/Prefabs/Pickups using Guid(ba5987cd9e662bc47863d4c634ea0b74) Importer(815301076,1909f56bfc062723c751e8b465ee728b) [PhysX] Initialized MultithreadedTaskDispatcher with 12 workers.
 -> (artifact id: 'c46ffdaa018f204f83e32b6e89db51d5') in 0.000747 seconds
Number of updated asset objects reloaded before import = 0
Number of asset objects unloaded after import = 0
========================================================================
Received Import Request.
  Time since last request: 0.456406 seconds.
  path: Assets/Prefabs
  artifactKey: Guid(90e211f226a6c3a4ca9a855d00c4269a) Importer(815301076,1909f56bfc062723c751e8b465ee728b)
Start importing Assets/Prefabs using Guid(90e211f226a6c3a4ca9a855d00c4269a) Importer(815301076,1909f56bfc062723c751e8b465ee728b) [PhysX] Initialized MultithreadedTaskDispatcher with 12 workers.
 -> (artifact id: '2516edc7915a91e8cf703cc7f5e99341') in 0.000765 seconds
Number of updated asset objects reloaded before import = 0
Number of asset objects unloaded after import = 0
========================================================================
Received Import Request.
  Time since last request: 15.542966 seconds.
  path: Assets/Prefabs/Environtment
  artifactKey: Guid(7225d41f91ade254bbfadce07fe12444) Importer(815301076,1909f56bfc062723c751e8b465ee728b)
Start importing Assets/Prefabs/Environtment using Guid(7225d41f91ade254bbfadce07fe12444) Importer(815301076,1909f56bfc062723c751e8b465ee728b) [PhysX] Initialized MultithreadedTaskDispatcher with 12 workers.
 -> (artifact id: '38672be76d89840d9460b7e1ca99e586') in 0.000980 seconds
Number of updated asset objects reloaded before import = 0
Number of asset objects unloaded after import = 0
========================================================================
Received Import Request.
  Time since last request: 107.961597 seconds.
  path: Assets/Prefabs/Environtment/Obj_vid_01_coixi_1.prefab
  artifactKey: Guid(e87eb6204bd6276498e8b1fe1135d331) Importer(815301076,1909f56bfc062723c751e8b465ee728b)
Start importing Assets/Prefabs/Environtment/Obj_vid_01_coixi_1.prefab using Guid(e87eb6204bd6276498e8b1fe1135d331) Importer(815301076,1909f56bfc062723c751e8b465ee728b) [PhysX] Initialized MultithreadedTaskDispatcher with 12 workers.
[PhysX] Initialized MultithreadedTaskDispatcher with 12 workers.
 -> (artifact id: '32ea7c6bd547220931a75056e925ffc1') in 0.043923 seconds
Number of updated asset objects reloaded before import = 0
Number of asset objects unloaded after import = 17
========================================================================
Received Import Request.
  Time since last request: 48.950807 seconds.
  path: Assets/Prefabs/Environtment/Nivell_1
  artifactKey: Guid(5ba1007f0d128e24791625a17b3530db) Importer(815301076,1909f56bfc062723c751e8b465ee728b)
Start importing Assets/Prefabs/Environtment/Nivell_1 using Guid(5ba1007f0d128e24791625a17b3530db) Importer(815301076,1909f56bfc062723c751e8b465ee728b) [PhysX] Initialized MultithreadedTaskDispatcher with 12 workers.
 -> (artifact id: '8017e266975cf571405bb379275fa636') in 0.001038 seconds
Number of updated asset objects reloaded before import = 0
Number of asset objects unloaded after import = 0
========================================================================
Received Import Request.
  Time since last request: 10.425299 seconds.
  path: Assets/Prefabs/Environtment/Nivell_2
  artifactKey: Guid(7dcae8c002446064e87f641df920cc9b) Importer(815301076,1909f56bfc062723c751e8b465ee728b)
Start importing Assets/Prefabs/Environtment/Nivell_2 using Guid(7dcae8c002446064e87f641df920cc9b) Importer(815301076,1909f56bfc062723c751e8b465ee728b) [PhysX] Initialized MultithreadedTaskDispatcher with 12 workers.
 -> (artifact id: '3193f3afc02010031566120440f67a6d') in 0.000801 seconds
Number of updated asset objects reloaded before import = 0
Number of asset objects unloaded after import = 0
========================================================================
Received Import Request.
  Time since last request: 192.649941 seconds.
  path: Assets/Prefabs/Environtment/Nivell_1/Obj_vid_10_lampara_low_poly.prefab
  artifactKey: Guid(d5fa7b92d9156414281a3468577b9574) Importer(815301076,1909f56bfc062723c751e8b465ee728b)
Start importing Assets/Prefabs/Environtment/Nivell_1/Obj_vid_10_lampara_low_poly.prefab using Guid(d5fa7b92d9156414281a3468577b9574) Importer(815301076,1909f56bfc062723c751e8b465ee728b) [PhysX] Initialized MultithreadedTaskDispatcher with 12 workers.
[PhysX] Initialized MultithreadedTaskDispatcher with 12 workers.
 -> (artifact id: '915b66a2628b241c6eb6a76ac85c59bc') in 0.027132 seconds
Number of updated asset objects reloaded before import = 0
Number of asset objects unloaded after import = 20
========================================================================
Received Import Request.
  Time since last request: 192.732996 seconds.
  path: Assets/Prefabs/Environtment/Nivell_1/Obj_vid_02_Sofa_doble_low_poly1.prefab
  artifactKey: Guid(83250e4f9cfa8e540b15e47a9340404f) Importer(815301076,1909f56bfc062723c751e8b465ee728b)
Start importing Assets/Prefabs/Environtment/Nivell_1/Obj_vid_02_Sofa_doble_low_poly1.prefab using Guid(83250e4f9cfa8e540b15e47a9340404f) Importer(815301076,1909f56bfc062723c751e8b465ee728b) [PhysX] Initialized MultithreadedTaskDispatcher with 12 workers.
[PhysX] Initialized MultithreadedTaskDispatcher with 12 workers.
 -> (artifact id: '2f4ba79ca6162a85d6ae7cc7ee0e1d07') in 0.025652 seconds
Number of updated asset objects reloaded before import = 0
Number of asset objects unloaded after import = 17
========================================================================
Received Import Request.
  Time since last request: 4.324806 seconds.
  path: Assets/Prefabs/Environtment/Nivell_1/Obj_vid_02_Sofa_doble_low_poly_.prefab
  artifactKey: Guid(f1a13539da5f3f749992b20f1cd3ba20) Importer(815301076,1909f56bfc062723c751e8b465ee728b)
Start importing Assets/Prefabs/Environtment/Nivell_1/Obj_vid_02_Sofa_doble_low_poly_.prefab using Guid(f1a13539da5f3f749992b20f1cd3ba20) Importer(815301076,1909f56bfc062723c751e8b465ee728b) [PhysX] Initialized MultithreadedTaskDispatcher with 12 workers.
[PhysX] Initialized MultithreadedTaskDispatcher with 12 workers.
 -> (artifact id: '44dd327a08a66fd25aad4f3f954a8373') in 0.022583 seconds
Number of updated asset objects reloaded before import = 0
Number of asset objects unloaded after import = 17
========================================================================
Received Import Request.
  Time since last request: 11.688159 seconds.
  path: Assets/Prefabs/Environtment/Nivell_1/Obj_vid_04_Cadira_low_poly.prefab
  artifactKey: Guid(f62395d9649c9e6419365fc57a3f7698) Importer(815301076,1909f56bfc062723c751e8b465ee728b)
Start importing Assets/Prefabs/Environtment/Nivell_1/Obj_vid_04_Cadira_low_poly.prefab using Guid(f62395d9649c9e6419365fc57a3f7698) Importer(815301076,1909f56bfc062723c751e8b465ee728b) [PhysX] Initialized MultithreadedTaskDispatcher with 12 workers.
[PhysX] Initialized MultithreadedTaskDispatcher with 12 workers.
 -> (artifact id: '9bb4d8cead42401b16fd2c41350e68c7') in 0.025548 seconds
Number of updated asset objects reloaded before import = 0
Number of asset objects unloaded after import = 17
========================================================================
Received Import Request.
  Time since last request: 4.440954 seconds.
  path: Assets/Prefabs/Environtment/Nivell_1/Obj_vid_05_taula_principal_low_poly.prefab
  artifactKey: Guid(eba6760cf435a3945997b687d54d7b91) Importer(815301076,1909f56bfc062723c751e8b465ee728b)
Start importing Assets/Prefabs/Environtment/Nivell_1/Obj_vid_05_taula_principal_low_poly.prefab using Guid(eba6760cf435a3945997b687d54d7b91) Importer(815301076,1909f56bfc062723c751e8b465ee728b) [PhysX] Initialized MultithreadedTaskDispatcher with 12 workers.
[PhysX] Initialized MultithreadedTaskDispatcher with 12 workers.
 -> (artifact id: 'f53781b949d12a96dad8fa6a59a83f1a') in 0.023869 seconds
Number of updated asset objects reloaded before import = 0
Number of asset objects unloaded after import = 17
========================================================================
Received Import Request.
  Time since last request: 3.833727 seconds.
  path: Assets/Prefabs/Environtment/Nivell_1/Obj_vid_06_tauleta_menjador_low_poly.prefab
  artifactKey: Guid(ada2af967c0ee364ca172673efd4488e) Importer(815301076,1909f56bfc062723c751e8b465ee728b)
Start importing Assets/Prefabs/Environtment/Nivell_1/Obj_vid_06_tauleta_menjador_low_poly.prefab using Guid(ada2af967c0ee364ca172673efd4488e) Importer(815301076,1909f56bfc062723c751e8b465ee728b) [PhysX] Initialized MultithreadedTaskDispatcher with 12 workers.
[PhysX] Initialized MultithreadedTaskDispatcher with 12 workers.
 -> (artifact id: '8bf9a1eda1a6b83c3078f0a79bd91ff9') in 0.022034 seconds
Number of updated asset objects reloaded before import = 0
Number of asset objects unloaded after import = 17
========================================================================
Received Import Request.
  Time since last request: 3.407385 seconds.
  path: Assets/Prefabs/Environtment/Nivell_1/Obj_vid_07_Estanteria_buida_low_poly.prefab
  artifactKey: Guid(84c7ab60d963e3a4d86078d4633944db) Importer(815301076,1909f56bfc062723c751e8b465ee728b)
Start importing Assets/Prefabs/Environtment/Nivell_1/Obj_vid_07_Estanteria_buida_low_poly.prefab using Guid(84c7ab60d963e3a4d86078d4633944db) Importer(815301076,1909f56bfc062723c751e8b465ee728b) [PhysX] Initialized MultithreadedTaskDispatcher with 12 workers.
[PhysX] Initialized MultithreadedTaskDispatcher with 12 workers.
 -> (artifact id: 'd9eaf979ea84a0264a7ddd6d641b851b') in 0.021659 seconds
Number of updated asset objects reloaded before import = 0
Number of asset objects unloaded after import = 17
========================================================================
Received Import Request.
  Time since last request: 2.693678 seconds.
  path: Assets/Prefabs/Environtment/Nivell_1/Obj_vid_08_coixi_2.prefab
  artifactKey: Guid(b087129111296e34f9a5c912278756f7) Importer(815301076,1909f56bfc062723c751e8b465ee728b)
Start importing Assets/Prefabs/Environtment/Nivell_1/Obj_vid_08_coixi_2.prefab using Guid(b087129111296e34f9a5c912278756f7) Importer(815301076,1909f56bfc062723c751e8b465ee728b) [PhysX] Initialized MultithreadedTaskDispatcher with 12 workers.
[PhysX] Initialized MultithreadedTaskDispatcher with 12 workers.
 -> (artifact id: '70f5a83b9baae154f8d0e0d56e35699c') in 0.022989 seconds
Number of updated asset objects reloaded before import = 0
Number of asset objects unloaded after import = 17
========================================================================
Received Import Request.
  Time since last request: 3.477629 seconds.
  path: Assets/Prefabs/Environtment/Nivell_1/Obj_vid_09_coixi_3.prefab
  artifactKey: Guid(fe05d4784a431ff4a8f89fa61ffd61b6) Importer(815301076,1909f56bfc062723c751e8b465ee728b)
Start importing Assets/Prefabs/Environtment/Nivell_1/Obj_vid_09_coixi_3.prefab using Guid(fe05d4784a431ff4a8f89fa61ffd61b6) Importer(815301076,1909f56bfc062723c751e8b465ee728b) [PhysX] Initialized MultithreadedTaskDispatcher with 12 workers.
[PhysX] Initialized MultithreadedTaskDispatcher with 12 workers.
 -> (artifact id: 'bc2d63c95f0356bae75eae38fbf3d6f3') in 0.022294 seconds
Number of updated asset objects reloaded before import = 0
Number of asset objects unloaded after import = 17
========================================================================
Received Import Request.
  Time since last request: 3.195658 seconds.
  path: Assets/Prefabs/Environtment/Nivell_1/Obj_vid_11_Radio_low_poly.prefab
  artifactKey: Guid(fbdbb76d425929e459f0161b7289f69e) Importer(815301076,1909f56bfc062723c751e8b465ee728b)
Start importing Assets/Prefabs/Environtment/Nivell_1/Obj_vid_11_Radio_low_poly.prefab using Guid(fbdbb76d425929e459f0161b7289f69e) Importer(815301076,1909f56bfc062723c751e8b465ee728b) [PhysX] Initialized MultithreadedTaskDispatcher with 12 workers.
[PhysX] Initialized MultithreadedTaskDispatcher with 12 workers.
 -> (artifact id: '8bd7409d2b9833d251d292c36d23114c') in 0.022568 seconds
Number of updated asset objects reloaded before import = 0
Number of asset objects unloaded after import = 17
========================================================================
Received Import Request.
  Time since last request: 2.688159 seconds.
  path: Assets/Prefabs/Environtment/Nivell_1/Obj_vid_12_tele_low_poly.prefab
  artifactKey: Guid(dacc3346d2ec9484286bde104e66c6c9) Importer(815301076,1909f56bfc062723c751e8b465ee728b)
Start importing Assets/Prefabs/Environtment/Nivell_1/Obj_vid_12_tele_low_poly.prefab using Guid(dacc3346d2ec9484286bde104e66c6c9) Importer(815301076,1909f56bfc062723c751e8b465ee728b) [PhysX] Initialized MultithreadedTaskDispatcher with 12 workers.
[PhysX] Initialized MultithreadedTaskDispatcher with 12 workers.
 -> (artifact id: 'd7ebf781f9d0a614670507c111486b93') in 0.024087 seconds
Number of updated asset objects reloaded before import = 0
Number of asset objects unloaded after import = 18
========================================================================
Received Import Request.
  Time since last request: 3.152776 seconds.
  path: Assets/Prefabs/Environtment/Nivell_1/Obj_vid_13_tauleta_tele_low_poly.prefab
  artifactKey: Guid(191161cf0c069774b8a7c64dab420364) Importer(815301076,1909f56bfc062723c751e8b465ee728b)
Start importing Assets/Prefabs/Environtment/Nivell_1/Obj_vid_13_tauleta_tele_low_poly.prefab using Guid(191161cf0c069774b8a7c64dab420364) Importer(815301076,1909f56bfc062723c751e8b465ee728b) [PhysX] Initialized MultithreadedTaskDispatcher with 12 workers.
[PhysX] Initialized MultithreadedTaskDispatcher with 12 workers.
 -> (artifact id: 'fd9d0a0882b04e3227c72ad2e45ce770') in 0.021712 seconds
Number of updated asset objects reloaded before import = 0
Number of asset objects unloaded after import = 17
========================================================================
Received Import Request.
  Time since last request: 3.435366 seconds.
  path: Assets/Prefabs/Environtment/Nivell_1/Obj_vid_14_catifa_low_poly.prefab
  artifactKey: Guid(7e3eaf5329fda1647af222e865e02c74) Importer(815301076,1909f56bfc062723c751e8b465ee728b)
Start importing Assets/Prefabs/Environtment/Nivell_1/Obj_vid_14_catifa_low_poly.prefab using Guid(7e3eaf5329fda1647af222e865e02c74) Importer(815301076,1909f56bfc062723c751e8b465ee728b) [PhysX] Initialized MultithreadedTaskDispatcher with 12 workers.
[PhysX] Initialized MultithreadedTaskDispatcher with 12 workers.
 -> (artifact id: '03eab25fe55443feea7abadfe0eb0315') in 0.025039 seconds
Number of updated asset objects reloaded before import = 0
Number of asset objects unloaded after import = 18
========================================================================
Received Import Request.
  Time since last request: 264.918543 seconds.
  path: Assets/Art/Material/Text_13_catifa_infantil_ok.tx.mat
  artifactKey: Guid(67bb1e2d35f592e42b0fb9199d75c2b9) Importer(815301076,1909f56bfc062723c751e8b465ee728b)
Start importing Assets/Art/Material/Text_13_catifa_infantil_ok.tx.mat using Guid(67bb1e2d35f592e42b0fb9199d75c2b9) Importer(815301076,1909f56bfc062723c751e8b465ee728b) [PhysX] Initialized MultithreadedTaskDispatcher with 12 workers.
[PhysX] Initialized MultithreadedTaskDispatcher with 12 workers.
 -> (artifact id: 'fee53683f5047f3cd366755e34879020') in 0.035666 seconds
Number of updated asset objects reloaded before import = 0
Number of asset objects unloaded after import = 3
========================================================================
Received Import Request.
  Time since last request: 6.717609 seconds.
  path: Assets/Art/Material/Text_13_catifa_infantil_ok.tx.mat
  artifactKey: Guid(67bb1e2d35f592e42b0fb9199d75c2b9) Importer(815301076,1909f56bfc062723c751e8b465ee728b)
Start importing Assets/Art/Material/Text_13_catifa_infantil_ok.tx.mat using Guid(67bb1e2d35f592e42b0fb9199d75c2b9) Importer(815301076,1909f56bfc062723c751e8b465ee728b) [PhysX] Initialized MultithreadedTaskDispatcher with 12 workers.
[PhysX] Initialized MultithreadedTaskDispatcher with 12 workers.
 -> (artifact id: '76e68a7ecddf4c172238264ee7de95f2') in 0.026816 seconds
Number of updated asset objects reloaded before import = 0
Number of asset objects unloaded after import = 3
========================================================================
Received Import Request.
  Time since last request: 90.032029 seconds.
  path: Assets/Prefabs/Environtment/Nivell_2/Obj_25_escriptori_low_poly.prefab
  artifactKey: Guid(e7af8360983a96d409c13744bd2df4a6) Importer(815301076,1909f56bfc062723c751e8b465ee728b)
Start importing Assets/Prefabs/Environtment/Nivell_2/Obj_25_escriptori_low_poly.prefab using Guid(e7af8360983a96d409c13744bd2df4a6) Importer(815301076,1909f56bfc062723c751e8b465ee728b) [PhysX] Initialized MultithreadedTaskDispatcher with 12 workers.
[PhysX] Initialized MultithreadedTaskDispatcher with 12 workers.
 -> (artifact id: '5044e3be6693c9cd3f0502ea02baaa05') in 0.019704 seconds
Number of updated asset objects reloaded before import = 0
Number of asset objects unloaded after import = 15
========================================================================
Received Import Request.
  Time since last request: 1.818478 seconds.
  path: Assets/Prefabs/Environtment/Nivell_2/Obj_26_tren_low_poly.prefab
  artifactKey: Guid(5acfcf4f25ee02e43b9356d95e60ddf8) Importer(815301076,1909f56bfc062723c751e8b465ee728b)
Start importing Assets/Prefabs/Environtment/Nivell_2/Obj_26_tren_low_poly.prefab using Guid(5acfcf4f25ee02e43b9356d95e60ddf8) Importer(815301076,1909f56bfc062723c751e8b465ee728b) [PhysX] Initialized MultithreadedTaskDispatcher with 12 workers.
[PhysX] Initialized MultithreadedTaskDispatcher with 12 workers.
 -> (artifact id: '7a22176dc95d258cd45bda2a55d7fcde') in 0.019728 seconds
Number of updated asset objects reloaded before import = 0
Number of asset objects unloaded after import = 15
========================================================================
Received Import Request.
  Time since last request: 2.034608 seconds.
  path: Assets/Prefabs/Environtment/Nivell_2/Obj_vid_15_cubs_joguina_low_poly.prefab
  artifactKey: Guid(731255a1d58cf064ba00b30aa3a6931d) Importer(815301076,1909f56bfc062723c751e8b465ee728b)
Start importing Assets/Prefabs/Environtment/Nivell_2/Obj_vid_15_cubs_joguina_low_poly.prefab using Guid(731255a1d58cf064ba00b30aa3a6931d) Importer(815301076,1909f56bfc062723c751e8b465ee728b) [PhysX] Initialized MultithreadedTaskDispatcher with 12 workers.
[PhysX] Initialized MultithreadedTaskDispatcher with 12 workers.
 -> (artifact id: 'd7d527fd54568073e0951ae655ff8f7c') in 0.021617 seconds
Number of updated asset objects reloaded before import = 0
Number of asset objects unloaded after import = 17
========================================================================
Received Import Request.
  Time since last request: 2.456364 seconds.
  path: Assets/Prefabs/Environtment/Nivell_2/Obj_vid_17_catifa_infant_low_poly.prefab
  artifactKey: Guid(188e26f901934c647b86a57a928aa588) Importer(815301076,1909f56bfc062723c751e8b465ee728b)
Start importing Assets/Prefabs/Environtment/Nivell_2/Obj_vid_17_catifa_infant_low_poly.prefab using Guid(188e26f901934c647b86a57a928aa588) Importer(815301076,1909f56bfc062723c751e8b465ee728b) [PhysX] Initialized MultithreadedTaskDispatcher with 12 workers.
[PhysX] Initialized MultithreadedTaskDispatcher with 12 workers.
 -> (artifact id: '13c251d3874da9028fbfc037141c793b') in 0.027409 seconds
Number of updated asset objects reloaded before import = 0
Number of asset objects unloaded after import = 18
========================================================================
Received Import Request.
  Time since last request: 1.825228 seconds.
  path: Assets/Prefabs/Environtment/Nivell_2/Obj_vid_18_llit_infantil_low_poly.prefab
  artifactKey: Guid(69d729b8d3436214187f4a4002d941f7) Importer(815301076,1909f56bfc062723c751e8b465ee728b)
Start importing Assets/Prefabs/Environtment/Nivell_2/Obj_vid_18_llit_infantil_low_poly.prefab using Guid(69d729b8d3436214187f4a4002d941f7) Importer(815301076,1909f56bfc062723c751e8b465ee728b) [PhysX] Initialized MultithreadedTaskDispatcher with 12 workers.
[PhysX] Initialized MultithreadedTaskDispatcher with 12 workers.
 -> (artifact id: 'fbd951867250710f308bfb4f53b9e9fa') in 0.026402 seconds
Number of updated asset objects reloaded before import = 0
Number of asset objects unloaded after import = 22
========================================================================
Received Import Request.
  Time since last request: 2.360142 seconds.
  path: Assets/Prefabs/Environtment/Nivell_2/Obj_vid_19_lampara_low_poly.prefab
  artifactKey: Guid(4144613b85a8009469893d0e013f1f2b) Importer(815301076,1909f56bfc062723c751e8b465ee728b)
Start importing Assets/Prefabs/Environtment/Nivell_2/Obj_vid_19_lampara_low_poly.prefab using Guid(4144613b85a8009469893d0e013f1f2b) Importer(815301076,1909f56bfc062723c751e8b465ee728b) [PhysX] Initialized MultithreadedTaskDispatcher with 12 workers.
[PhysX] Initialized MultithreadedTaskDispatcher with 12 workers.
 -> (artifact id: 'fb4e5da80deea43414e51bf3211e8cad') in 0.019101 seconds
Number of updated asset objects reloaded before import = 0
Number of asset objects unloaded after import = 15
========================================================================
Received Import Request.
  Time since last request: 16.284239 seconds.
  path: Assets/Prefabs/Environtment/Nivell_2/Obj_vid_20_quadres_low_poly.prefab
  artifactKey: Guid(0151b9f88faa78a4e8cf62abc5cef66b) Importer(815301076,1909f56bfc062723c751e8b465ee728b)
Start importing Assets/Prefabs/Environtment/Nivell_2/Obj_vid_20_quadres_low_poly.prefab using Guid(0151b9f88faa78a4e8cf62abc5cef66b) Importer(815301076,1909f56bfc062723c751e8b465ee728b) [PhysX] Initialized MultithreadedTaskDispatcher with 12 workers.
[PhysX] Initialized MultithreadedTaskDispatcher with 12 workers.
 -> (artifact id: 'e19ad61a75257cfce4176a573cbc156b') in 0.023408 seconds
Number of updated asset objects reloaded before import = 0
Number of asset objects unloaded after import = 20
========================================================================
Received Import Request.
  Time since last request: 2.208085 seconds.
  path: Assets/Prefabs/Environtment/Nivell_2/Obj_vid_21_armari_low_poly.prefab
  artifactKey: Guid(d7d0eb3963346004bba1c7c428776a08) Importer(815301076,1909f56bfc062723c751e8b465ee728b)
Start importing Assets/Prefabs/Environtment/Nivell_2/Obj_vid_21_armari_low_poly.prefab using Guid(d7d0eb3963346004bba1c7c428776a08) Importer(815301076,1909f56bfc062723c751e8b465ee728b) [PhysX] Initialized MultithreadedTaskDispatcher with 12 workers.
[PhysX] Initialized MultithreadedTaskDispatcher with 12 workers.
 -> (artifact id: '80774d01027cee8beeec59392805eedf') in 0.023564 seconds
Number of updated asset objects reloaded before import = 0
Number of asset objects unloaded after import = 18
========================================================================
Received Import Request.
  Time since last request: 2.565490 seconds.
  path: Assets/Prefabs/Environtment/Nivell_2/Obj_vid_21_globus_t_low_poly.prefab
  artifactKey: Guid(bcf4b6f0f15498d4a8b1ccda115edf47) Importer(815301076,1909f56bfc062723c751e8b465ee728b)
Start importing Assets/Prefabs/Environtment/Nivell_2/Obj_vid_21_globus_t_low_poly.prefab using Guid(bcf4b6f0f15498d4a8b1ccda115edf47) Importer(815301076,1909f56bfc062723c751e8b465ee728b) [PhysX] Initialized MultithreadedTaskDispatcher with 12 workers.
[PhysX] Initialized MultithreadedTaskDispatcher with 12 workers.
 -> (artifact id: 'db4150a7be1e0a64cd956bfaaf407552') in 0.022123 seconds
Number of updated asset objects reloaded before import = 0
Number of asset objects unloaded after import = 18
========================================================================
Received Import Request.
  Time since last request: 2.044771 seconds.
  path: Assets/Prefabs/Environtment/Nivell_2/Obj_vid_22_llibreria_low_poly.prefab
  artifactKey: Guid(3f69365febbbcd84e8e038c37d6cd8ff) Importer(815301076,1909f56bfc062723c751e8b465ee728b)
Start importing Assets/Prefabs/Environtment/Nivell_2/Obj_vid_22_llibreria_low_poly.prefab using Guid(3f69365febbbcd84e8e038c37d6cd8ff) Importer(815301076,1909f56bfc062723c751e8b465ee728b) [PhysX] Initialized MultithreadedTaskDispatcher with 12 workers.
[PhysX] Initialized MultithreadedTaskDispatcher with 12 workers.
 -> (artifact id: '27ba74162e3247bc5ef0c84753b58432') in 0.020850 seconds
Number of updated asset objects reloaded before import = 0
Number of asset objects unloaded after import = 20
========================================================================
Received Import Request.
  Time since last request: 3.310691 seconds.
  path: Assets/Prefabs/Environtment/Nivell_2/Obj_vid__16_cadireta_inf_low_poly.prefab
  artifactKey: Guid(e959533fedc400449af04ab156eb9281) Importer(815301076,1909f56bfc062723c751e8b465ee728b)
Start importing Assets/Prefabs/Environtment/Nivell_2/Obj_vid__16_cadireta_inf_low_poly.prefab using Guid(e959533fedc400449af04ab156eb9281) Importer(815301076,1909f56bfc062723c751e8b465ee728b) [PhysX] Initialized MultithreadedTaskDispatcher with 12 workers.
[PhysX] Initialized MultithreadedTaskDispatcher with 12 workers.
 -> (artifact id: 'fb093f09949a5f2ba14da2c5e7e51afc') in 0.021466 seconds
Number of updated asset objects reloaded before import = 0
Number of asset objects unloaded after import = 18
========================================================================
Received Import Request.
  Time since last request: 1.601256 seconds.
  path: Assets/Prefabs/Environtment/Nivell_2/Obj_vid_24_cotxe_joguina_low_poly.prefab
  artifactKey: Guid(2ccb1eb868153874e834c4539f25a94f) Importer(815301076,1909f56bfc062723c751e8b465ee728b)
Start importing Assets/Prefabs/Environtment/Nivell_2/Obj_vid_24_cotxe_joguina_low_poly.prefab using Guid(2ccb1eb868153874e834c4539f25a94f) Importer(815301076,1909f56bfc062723c751e8b465ee728b) [PhysX] Initialized MultithreadedTaskDispatcher with 12 workers.
[PhysX] Initialized MultithreadedTaskDispatcher with 12 workers.
 -> (artifact id: '2d7357620ae0e5e6288aeb1da45747fd') in 0.018839 seconds
Number of updated asset objects reloaded before import = 0
Number of asset objects unloaded after import = 15
========================================================================
Received Import Request.
  Time since last request: 77.109136 seconds.
  path: Assets/Prefabs/Environtment/Nivell_2/Obj_vid_21_globus_t_low_poly.prefab
  artifactKey: Guid(bcf4b6f0f15498d4a8b1ccda115edf47) Importer(815301076,1909f56bfc062723c751e8b465ee728b)
Start importing Assets/Prefabs/Environtment/Nivell_2/Obj_vid_21_globus_t_low_poly.prefab using Guid(bcf4b6f0f15498d4a8b1ccda115edf47) Importer(815301076,1909f56bfc062723c751e8b465ee728b) [PhysX] Initialized MultithreadedTaskDispatcher with 12 workers.
[PhysX] Initialized MultithreadedTaskDispatcher with 12 workers.
 -> (artifact id: 'd488ac60f6528f08318afcb384b07604') in 0.021552 seconds
Number of updated asset objects reloaded before import = 0
Number of asset objects unloaded after import = 18
========================================================================
Received Import Request.
  Time since last request: 39.116031 seconds.
  path: Assets/Prefabs/Environtment/Nivell_2/Obj_vid_18_llit_infantil_low_poly.prefab
  artifactKey: Guid(69d729b8d3436214187f4a4002d941f7) Importer(815301076,1909f56bfc062723c751e8b465ee728b)
Start importing Assets/Prefabs/Environtment/Nivell_2/Obj_vid_18_llit_infantil_low_poly.prefab using Guid(69d729b8d3436214187f4a4002d941f7) Importer(815301076,1909f56bfc062723c751e8b465ee728b) [PhysX] Initialized MultithreadedTaskDispatcher with 12 workers.
[PhysX] Initialized MultithreadedTaskDispatcher with 12 workers.
 -> (artifact id: '3c7e681efcd4bcc7da880fa1fc490c8f') in 0.022576 seconds
Number of updated asset objects reloaded before import = 0
Number of asset objects unloaded after import = 22
========================================================================
Received Import Request.
  Time since last request: 81.184048 seconds.
  path: Assets/Prefabs/Environtment/Nivell_2/Obj_vid_22_llibreria_low_poly.prefab
  artifactKey: Guid(3f69365febbbcd84e8e038c37d6cd8ff) Importer(815301076,1909f56bfc062723c751e8b465ee728b)
Start importing Assets/Prefabs/Environtment/Nivell_2/Obj_vid_22_llibreria_low_poly.prefab using Guid(3f69365febbbcd84e8e038c37d6cd8ff) Importer(815301076,1909f56bfc062723c751e8b465ee728b) [PhysX] Initialized MultithreadedTaskDispatcher with 12 workers.
[PhysX] Initialized MultithreadedTaskDispatcher with 12 workers.
 -> (artifact id: '0795626dd1099689ade301acfc8d77bc') in 0.024600 seconds
Number of updated asset objects reloaded before import = 0
Number of asset objects unloaded after import = 20
========================================================================
Received Import Request.
  Time since last request: 2.081500 seconds.
  path: Assets/Prefabs/Environtment/Nivell_2/Obj_vid_20_quadres_low_poly.prefab
  artifactKey: Guid(0151b9f88faa78a4e8cf62abc5cef66b) Importer(815301076,1909f56bfc062723c751e8b465ee728b)
Start importing Assets/Prefabs/Environtment/Nivell_2/Obj_vid_20_quadres_low_poly.prefab using Guid(0151b9f88faa78a4e8cf62abc5cef66b) Importer(815301076,1909f56bfc062723c751e8b465ee728b) [PhysX] Initialized MultithreadedTaskDispatcher with 12 workers.
[PhysX] Initialized MultithreadedTaskDispatcher with 12 workers.
 -> (artifact id: '82b23922c727b48f339c79975d485654') in 0.029551 seconds
Number of updated asset objects reloaded before import = 0
Number of asset objects unloaded after import = 24
========================================================================
Received Import Request.
  Time since last request: 34.176317 seconds.
  path: Assets/Prefabs/Environtment/Nivell_2/Obj_vid_21_armari_low_poly.prefab
  artifactKey: Guid(d7d0eb3963346004bba1c7c428776a08) Importer(815301076,1909f56bfc062723c751e8b465ee728b)
Start importing Assets/Prefabs/Environtment/Nivell_2/Obj_vid_21_armari_low_poly.prefab using Guid(d7d0eb3963346004bba1c7c428776a08) Importer(815301076,1909f56bfc062723c751e8b465ee728b) [PhysX] Initialized MultithreadedTaskDispatcher with 12 workers.
[PhysX] Initialized MultithreadedTaskDispatcher with 12 workers.
 -> (artifact id: '9d17d6579aaf1f71d02a882a8c20ccfc') in 0.024405 seconds
Number of updated asset objects reloaded before import = 0
Number of asset objects unloaded after import = 18
========================================================================
Received Import Request.
  Time since last request: 35.382942 seconds.
  path: Assets/Prefabs/Environtment/Nivell_2/Obj_vid__16_cadireta_inf_low_poly.prefab
  artifactKey: Guid(e959533fedc400449af04ab156eb9281) Importer(815301076,1909f56bfc062723c751e8b465ee728b)
Start importing Assets/Prefabs/Environtment/Nivell_2/Obj_vid__16_cadireta_inf_low_poly.prefab using Guid(e959533fedc400449af04ab156eb9281) Importer(815301076,1909f56bfc062723c751e8b465ee728b) [PhysX] Initialized MultithreadedTaskDispatcher with 12 workers.
[PhysX] Initialized MultithreadedTaskDispatcher with 12 workers.
 -> (artifact id: '2022abb3f878fc77b343e007f8dc51ea') in 0.022523 seconds
Number of updated asset objects reloaded before import = 0
Number of asset objects unloaded after import = 18
========================================================================
Received Import Request.
  Time since last request: 28.742722 seconds.
  path: Assets/Prefabs/Environtment/Nivell_2/Obj_vid_23_Vagoneta2_low_poly.prefab
  artifactKey: Guid(c8c24a0c0cf3e06408bbe3e0bd944ba2) Importer(815301076,1909f56bfc062723c751e8b465ee728b)
Start importing Assets/Prefabs/Environtment/Nivell_2/Obj_vid_23_Vagoneta2_low_poly.prefab using Guid(c8c24a0c0cf3e06408bbe3e0bd944ba2) Importer(815301076,1909f56bfc062723c751e8b465ee728b) [PhysX] Initialized MultithreadedTaskDispatcher with 12 workers.
[PhysX] Initialized MultithreadedTaskDispatcher with 12 workers.
 -> (artifact id: '5e54571ad3a870ea54060d0a389bdded') in 0.018221 seconds
Number of updated asset objects reloaded before import = 0
Number of asset objects unloaded after import = 15
